2026-08-29 13:22:52,633 - INFO - Creating Vendor Summary Table
2026-08-29 13:23:38,341 - INFO -    VendorNumber                   VendorName  Brand  ... TotalSalesPrice  TotalExciseTax  FreightCost
0          1128  BROWN-FORMAN CORP             1233  ...       35.916617       260999.20     68601.68
1          4425        MARTIGNETTI COMPANIES   3405  ...       30.072784       294438.66    144929.24
2         17035  PERNOD RICARD USA             8068  ...       24.249870       343854.07    123780.22
3          3960  DIAGEO NORTH AMERICA INC      4261  ...       22.333857       368242.80    257032.07
4          3960  DIAGEO NORTH AMERICA INC      3545  ...       31.089295       249587.83    257032.07

[5 rows x 14 columns]
2026-08-29 13:23:38,361 - INFO - Cleaning Data
2026-08-29 13:23:38,381 - INFO -    VendorNumber                VendorName  Brand  ... ProfitMargin  StockTurnover  SalesToPurchaseRatio
0          1128         BROWN-FORMAN CORP   1233  ...    25.297693       0.979108              1.338647
1          4425     MARTIGNETTI COMPANIES   3405  ...     21.06281       0.976890              1.266830
2         17035         PERNOD RICARD USA   8068  ...    24.675786       0.998575              1.327594
3          3960  DIAGEO NORTH AMERICA INC   4261  ...    27.139908       0.993703              1.372493
4          3960  DIAGEO NORTH AMERICA INC   3545  ...    28.412764       0.983556              1.396897

[5 rows x 18 columns]
2026-08-29 13:23:38,399 - INFO - Ingesting data
2026-08-29 13:23:38,483 - INFO - Completed
2026-08-29 15:36:38,867 - INFO - Creating Vendor Summary Table
2026-08-29 15:38:12,781 - INFO -    VendorNumber                   VendorName  Brand  ... TotalSalesPrice  TotalExciseTax  FreightCost
0          1128  BROWN-FORMAN CORP             1233  ...       35.916617       260999.20     68601.68
1          4425        MARTIGNETTI COMPANIES   3405  ...       30.072784       294438.66    144929.24
2         17035  PERNOD RICARD USA             8068  ...       24.249870       343854.07    123780.22
3          3960  DIAGEO NORTH AMERICA INC      4261  ...       22.333857       368242.80    257032.07
4          3960  DIAGEO NORTH AMERICA INC      3545  ...       31.089295       249587.83    257032.07

[5 rows x 14 columns]
2026-08-29 15:38:12,816 - INFO - Cleaning Data
2026-08-29 15:38:12,860 - INFO -    VendorNumber                VendorName  Brand  ... ProfitMargin  StockTurnover  SalesToPurchaseRatio
0          1128         BROWN-FORMAN CORP   1233  ...    25.297693       0.979108              1.338647
1          4425     MARTIGNETTI COMPANIES   3405  ...     21.06281       0.976890              1.266830
2         17035         PERNOD RICARD USA   8068  ...    24.675786       0.998575              1.327594
3          3960  DIAGEO NORTH AMERICA INC   4261  ...    27.139908       0.993703              1.372493
4          3960  DIAGEO NORTH AMERICA INC   3545  ...    28.412764       0.983556              1.396897

[5 rows x 18 columns]
2026-08-29 15:38:12,882 - INFO - Ingesting data
2026-08-29 15:38:13,043 - INFO - Completed
